0.096930986595 4 19 60 
0.549905531590 20 
0.889846542909 28 
0.748565744533 29 
