0.105422993492 4 19 46 
0.371854218371 2 
0.695908414700 36 
0.890297521754 28 
0.876403485383 20 
