-0.099903495339 0.080280637531 -0.059851024938 -0.079988196203 0.060079710102 -0.040227428332 0.060374346492 0.069998101242 -0.080123654947 0.080055340102 0.070392909039 0.080312372305 -0.029955586477 -0.039764046500 -0.060399662415 0.060431900764 -0.049653905453 -0.049765535141 0.069957420687 -0.080236433899 
2
2
2
2
2
2
2
2
2
2
2
2
2
2
2
2
2
2
2
2
2
2
2
2
2
2
2
2
2
2
2
2
2
2
2
2
2
2
2
2
2
2
2
2
2
2
2
2
2
2
2
2
2
2
2
2
2
2
2
2
2
2
2
2
2
2
2
2
2
2
2
2
2
2
2
2
2
2
2
2
2
2
2
2
2
2
2
2
2
2
2
2
2
2
2
2
2
2
2
2
0.350000000000
