-0.099880415117 0.079768819655 -0.059925143903 -0.079988613694 0.059976968477 -0.040247368240 0.059842589722 0.069706735355 -0.079711936479 0.080290989032 0.070104606867 0.080322518845 -0.030043810637 -0.039980482298 -0.062048805083 0.060459045050 -0.049867944007 -0.049444735578 0.069290700622 -0.080493242688 
2
1
2
2
2
2
1
1
1
2
2
2
2
2
1
1
1
2
2
2
1
2
2
2
2
2
1
2
2
1
2
1
2
2
2
2
2
2
1
2
1
2
2
1
2
2
2
2
1
2
2
2
2
2
1
2
2
2
1
1
1
1
1
2
1
2
2
2
1
2
2
2
2
1
2
1
1
2
2
2
2
2
1
1
2
2
1
1
2
2
1
1
2
2
1
1
2
2
1
1
0.710000000000
